[22-Apr-2025 18:24:34 Europe/Amsterdam] PHP Fatal error:  Allowed memory size of 2147483648 bytes exhausted (tried to allocate 20480 bytes) in C:\Users\zaour\source\web1a\project\project-4-test\socks2\vendor\laravel\framework\src\Illuminate\Foundation\Bootstrap\HandleExceptions.php on line 74
[22-Apr-2025 18:24:41 Europe/Amsterdam] PHP Fatal error:  Allowed memory size of 2147483648 bytes exhausted (tried to allocate 20480 bytes) in C:\Users\zaour\source\web1a\project\project-4-test\socks2\vendor\laravel\framework\src\Illuminate\Foundation\Bootstrap\HandleExceptions.php on line 74
[22-Apr-2025 18:25:53 Europe/Amsterdam] PHP Fatal error:  Allowed memory size of 2147483648 bytes exhausted (tried to allocate 20480 bytes) in C:\Users\zaour\source\web1a\project\project-4-test\socks2\vendor\laravel\framework\src\Illuminate\Foundation\Bootstrap\HandleExceptions.php on line 74
[22-Apr-2025 18:26:18 Europe/Amsterdam] PHP Fatal error:  Allowed memory size of 2147483648 bytes exhausted (tried to allocate 20480 bytes) in C:\Users\zaour\source\web1a\project\project-4-test\socks2\vendor\laravel\framework\src\Illuminate\Foundation\Bootstrap\HandleExceptions.php on line 74
[22-Apr-2025 18:28:17 Europe/Amsterdam] PHP Fatal error:  Allowed memory size of 2147483648 bytes exhausted (tried to allocate 20480 bytes) in C:\Users\zaour\source\web1a\project\project-4-test\socks2\vendor\laravel\framework\src\Illuminate\Foundation\Bootstrap\HandleExceptions.php on line 74
[22-Apr-2025 18:32:51 Europe/Amsterdam] PHP Fatal error:  Allowed memory size of 2147483648 bytes exhausted (tried to allocate 20480 bytes) in C:\Users\zaour\source\web1a\project\project-4-test\socks2\vendor\laravel\framework\src\Illuminate\Foundation\Bootstrap\HandleExceptions.php on line 74
[22-Apr-2025 18:33:48 Europe/Amsterdam] PHP Fatal error:  Allowed memory size of 2147483648 bytes exhausted (tried to allocate 135168 bytes) in C:\Users\zaour\source\web1a\project\project-4-test\socks2\vendor\laravel\framework\src\Illuminate\Foundation\Bootstrap\HandleExceptions.php on line 74
[22-Apr-2025 18:34:00 Europe/Amsterdam] PHP Fatal error:  Allowed memory size of 2147483648 bytes exhausted (tried to allocate 20480 bytes) in C:\Users\zaour\source\web1a\project\project-4-test\socks2\vendor\laravel\framework\src\Illuminate\Foundation\Bootstrap\HandleExceptions.php on line 74
[22-Apr-2025 19:08:41 Europe/Amsterdam] PHP Fatal error:  Allowed memory size of 2147483648 bytes exhausted (tried to allocate 20480 bytes) in C:\Users\zaour\source\web1a\project\project-4-test\socks2\vendor\laravel\framework\src\Illuminate\Foundation\Bootstrap\HandleExceptions.php on line 74
[22-Apr-2025 19:20:37 Europe/Amsterdam] PHP Fatal error:  Allowed memory size of 2147483648 bytes exhausted (tried to allocate 20480 bytes) in C:\Users\zaour\source\web1a\project\project-4-test\socks2\vendor\laravel\framework\src\Illuminate\Foundation\Bootstrap\HandleExceptions.php on line 74
[05-May-2025 15:17:20 Europe/Amsterdam] PHP Warning:  Uncaught PDOException: SQLSTATE[HY000] [2002] No connection could be made because the target machine actively refused it in C:\Users\zaour\source\web1a\project\project-4-test\socks2\vendor\laravel\framework\src\Illuminate\Database\Connectors\Connector.php:66
Stack trace:
#0 C:\Users\zaour\source\web1a\project\project-4-test\socks2\vendor\laravel\framework\src\Illuminate\Database\Connectors\Connector.php(66): PDO->__construct()
#1 C:\Users\zaour\source\web1a\project\project-4-test\socks2\vendor\laravel\framework\src\Illuminate\Database\Connectors\Connector.php(85): Illuminate\Database\Connectors\Connector->createPdoConnection()
#2 C:\Users\zaour\source\web1a\project\project-4-test\socks2\vendor\laravel\framework\src\Illuminate\Database\Connectors\Connector.php(48): Illuminate\Database\Connectors\Connector->tryAgainIfCausedByLostConnection()
#3 C:\Users\zaour\source\web1a\project\project-4-test\socks2\vendor\laravel\framework\src\Illuminate\Database\Connectors\MySqlConnector.php(24): Illuminate\Database\Connectors\Connector->createConnection()
#4 C:\Users\zaour\source\web1a\project\project-4-test\socks2\vendor\laravel\framework\src\Illuminate\Database\Connectors\ConnectionFactory.php(185): Illuminate\Database\Connectors\MySqlConnector->connect()
#5 [internal function]: Illuminate\Database\Connectors\ConnectionFactory->Illuminate\Database\Connectors\{closure}()
#6 C:\Users\zaour\source\web1a\project\project-4-test\socks2\vendor\laravel\framework\src\Illuminate\Database\Connection.php(1229): call_user_func()
#7 C:\Users\zaour\source\web1a\project\project-4-test\socks2\vendor\laravel\framework\src\Illuminate\Database\Concerns\ManagesTransactions.php(151): Illuminate\Database\Connection->getPdo()
#8 C:\Users\zaour\source\web1a\project\project-4-test\socks2\vendor\laravel\framework\src\Illuminate\Database\Concerns\ManagesTransactions.php(127): Illuminate\Database\Connection->createTransaction()
#9 C:\Users\zaour\source\web1a\project\project-4-test\socks2\vendor\laravel\framework\src\Illuminate\Database\Concerns\ManagesTransactions.php(26): Illuminate\Database\Connection->beginTransaction()
#10 C:\Users\zaour\source\web1a\project\project-4-test\socks2\vendor\laravel\pulse\src\Storage\DatabaseStorage.php(99): Illuminate\Database\Connection->transaction()
#11 C:\Users\zaour\source\web1a\project\project-4-test\socks2\vendor\laravel\pulse\src\Ingests\StorageIngest.php(29): Laravel\Pulse\Storage\DatabaseStorage->store()
#12 C:\Users\zaour\source\web1a\project\project-4-test\socks2\vendor\laravel\pulse\src\Pulse.php(305): Laravel\Pulse\Ingests\StorageIngest->ingest()
#13 C:\Users\zaour\source\web1a\project\project-4-test\socks2\vendor\laravel\pulse\src\Pulse.php(594): Laravel\Pulse\Pulse->Laravel\Pulse\{closure}()
#14 C:\Users\zaour\source\web1a\project\project-4-test\socks2\vendor\laravel\pulse\src\Pulse.php(304): Laravel\Pulse\Pulse->rescue()
#15 C:\Users\zaour\source\web1a\project\project-4-test\socks2\vendor\laravel\pulse\src\Pulse.php(254): Laravel\Pulse\Pulse->Laravel\Pulse\{closure}()
#16 C:\Users\zaour\source\web1a\project\project-4-test\socks2\vendor\laravel\pulse\src\Pulse.php(293): Laravel\Pulse\Pulse->ignore()
#17 C:\Users\zaour\source\web1a\project\project-4-test\socks2\vendor\laravel\pulse\src\PulseServiceProvider.php(141): Laravel\Pulse\Pulse->ingest()
#18 C:\Users\zaour\source\web1a\project\project-4-test\socks2\vendor\laravel\framework\src\Illuminate\Foundation\Http\Kernel.php(230): Laravel\Pulse\PulseServiceProvider->Laravel\Pulse\{closure}()
#19 C:\Users\zaour\source\web1a\project\project-4-test\socks2\vendor\laravel\framework\src\Illuminate\Foundation\Application.php(1222): Illuminate\Foundation\Http\Kernel->terminate()
#20 C:\Users\zaour\source\web1a\project\project-4-test\socks2\public\index.php(20): Illuminate\Foundation\Application->handleRequest()
#21 {main}
  thrown in C:\Users\zaour\source\web1a\project\project-4-test\socks2\vendor\laravel\framework\src\Illuminate\Database\Connectors\Connector.php on line 66
[05-May-2025 15:17:20 Europe/Amsterdam] PHP Fatal error:  Maximum execution time of 30 seconds exceeded in C:\Users\zaour\source\web1a\project\project-4-test\socks2\vendor\laravel\framework\src\Illuminate\Database\Connectors\Connector.php on line 85
[05-May-2025 15:18:23 Europe/Amsterdam] PHP Fatal error:  Allowed memory size of 2147483648 bytes exhausted (tried to allocate 20480 bytes) in C:\Users\zaour\source\web1a\project\project-4-test\socks2\vendor\laravel\framework\src\Illuminate\Foundation\Bootstrap\HandleExceptions.php on line 74
[05-May-2025 15:18:39 Europe/Amsterdam] PHP Fatal error:  Allowed memory size of 2147483648 bytes exhausted (tried to allocate 20480 bytes) in C:\Users\zaour\source\web1a\project\project-4-test\socks2\vendor\laravel\framework\src\Illuminate\Foundation\Bootstrap\HandleExceptions.php on line 74
[05-May-2025 15:30:17 Europe/Amsterdam] PHP Fatal error:  Allowed memory size of 2147483648 bytes exhausted (tried to allocate 20480 bytes) in C:\Users\zaour\source\web1a\project\project-4-test\socks2\vendor\laravel\framework\src\Illuminate\Foundation\Bootstrap\HandleExceptions.php on line 74
[05-May-2025 15:41:18 Europe/Amsterdam] PHP Fatal error:  Allowed memory size of 2147483648 bytes exhausted (tried to allocate 20480 bytes) in C:\Users\zaour\source\web1a\project\project-4-test\socks2\vendor\laravel\framework\src\Illuminate\Foundation\Bootstrap\HandleExceptions.php on line 74
[05-May-2025 15:43:51 Europe/Amsterdam] PHP Fatal error:  Allowed memory size of 2147483648 bytes exhausted (tried to allocate 20480 bytes) in C:\Users\zaour\source\web1a\project\project-4-test\socks2\vendor\laravel\framework\src\Illuminate\Foundation\Bootstrap\HandleExceptions.php on line 74
[05-May-2025 15:43:57 Europe/Amsterdam] PHP Fatal error:  Allowed memory size of 2147483648 bytes exhausted (tried to allocate 20480 bytes) in C:\Users\zaour\source\web1a\project\project-4-test\socks2\vendor\laravel\framework\src\Illuminate\Foundation\Bootstrap\HandleExceptions.php on line 74
[05-May-2025 15:44:10 Europe/Amsterdam] PHP Fatal error:  Allowed memory size of 2147483648 bytes exhausted (tried to allocate 20480 bytes) in C:\Users\zaour\source\web1a\project\project-4-test\socks2\vendor\laravel\framework\src\Illuminate\Foundation\Bootstrap\HandleExceptions.php on line 74
[07-May-2025 11:07:29 Europe/Amsterdam] PHP Warning:  Uncaught PDOException: SQLSTATE[HY000] [2002] No connection could be made because the target machine actively refused it in C:\Users\zaour\source\web1a\project\project-4-test\socks2\vendor\laravel\framework\src\Illuminate\Database\Connectors\Connector.php:66
Stack trace:
#0 C:\Users\zaour\source\web1a\project\project-4-test\socks2\vendor\laravel\framework\src\Illuminate\Database\Connectors\Connector.php(66): PDO->__construct()
#1 C:\Users\zaour\source\web1a\project\project-4-test\socks2\vendor\laravel\framework\src\Illuminate\Database\Connectors\Connector.php(44): Illuminate\Database\Connectors\Connector->createPdoConnection()
#2 C:\Users\zaour\source\web1a\project\project-4-test\socks2\vendor\laravel\framework\src\Illuminate\Database\Connectors\MySqlConnector.php(24): Illuminate\Database\Connectors\Connector->createConnection()
#3 C:\Users\zaour\source\web1a\project\project-4-test\socks2\vendor\laravel\framework\src\Illuminate\Database\Connectors\ConnectionFactory.php(185): Illuminate\Database\Connectors\MySqlConnector->connect()
#4 [internal function]: Illuminate\Database\Connectors\ConnectionFactory->Illuminate\Database\Connectors\{closure}()
#5 C:\Users\zaour\source\web1a\project\project-4-test\socks2\vendor\laravel\framework\src\Illuminate\Database\Connection.php(1229): call_user_func()
#6 C:\Users\zaour\source\web1a\project\project-4-test\socks2\vendor\laravel\framework\src\Illuminate\Database\Concerns\ManagesTransactions.php(151): Illuminate\Database\Connection->getPdo()
#7 C:\Users\zaour\source\web1a\project\project-4-test\socks2\vendor\laravel\framework\src\Illuminate\Database\Concerns\ManagesTransactions.php(127): Illuminate\Database\Connection->createTransaction()
#8 C:\Users\zaour\source\web1a\project\project-4-test\socks2\vendor\laravel\framework\src\Illuminate\Database\Concerns\ManagesTransactions.php(26): Illuminate\Database\Connection->beginTransaction()
#9 C:\Users\zaour\source\web1a\project\project-4-test\socks2\vendor\laravel\pulse\src\Storage\DatabaseStorage.php(99): Illuminate\Database\Connection->transaction()
#10 C:\Users\zaour\source\web1a\project\project-4-test\socks2\vendor\laravel\pulse\src\Ingests\StorageIngest.php(29): Laravel\Pulse\Storage\DatabaseStorage->store()
#11 C:\Users\zaour\source\web1a\project\project-4-test\socks2\vendor\laravel\pulse\src\Pulse.php(305): Laravel\Pulse\Ingests\StorageIngest->ingest()
#12 C:\Users\zaour\source\web1a\project\project-4-test\socks2\vendor\laravel\pulse\src\Pulse.php(594): Laravel\Pulse\Pulse->Laravel\Pulse\{closure}()
#13 C:\Users\zaour\source\web1a\project\project-4-test\socks2\vendor\laravel\pulse\src\Pulse.php(304): Laravel\Pulse\Pulse->rescue()
#14 C:\Users\zaour\source\web1a\project\project-4-test\socks2\vendor\laravel\pulse\src\Pulse.php(254): Laravel\Pulse\Pulse->Laravel\Pulse\{closure}()
#15 C:\Users\zaour\source\web1a\project\project-4-test\socks2\vendor\laravel\pulse\src\Pulse.php(293): Laravel\Pulse\Pulse->ignore()
#16 C:\Users\zaour\source\web1a\project\project-4-test\socks2\vendor\laravel\pulse\src\PulseServiceProvider.php(141): Laravel\Pulse\Pulse->ingest()
#17 C:\Users\zaour\source\web1a\project\project-4-test\socks2\vendor\laravel\framework\src\Illuminate\Foundation\Http\Kernel.php(230): Laravel\Pulse\PulseServiceProvider->Laravel\Pulse\{closure}()
#18 C:\Users\zaour\source\web1a\project\project-4-test\socks2\vendor\laravel\framework\src\Illuminate\Foundation\Application.php(1222): Illuminate\Foundation\Http\Kernel->terminate()
#19 C:\Users\zaour\source\web1a\project\project-4-test\socks2\public\index.php(20): Illuminate\Foundation\Application->handleRequest()
#20 {main}
  thrown in C:\Users\zaour\source\web1a\project\project-4-test\socks2\vendor\laravel\framework\src\Illuminate\Database\Connectors\Connector.php on line 66
[07-May-2025 11:07:30 Europe/Amsterdam] PHP Fatal error:  Maximum execution time of 30 seconds exceeded in C:\Users\zaour\source\web1a\project\project-4-test\socks2\vendor\laravel\framework\src\Illuminate\Database\Connectors\Connector.php on line 44
[07-May-2025 11:08:28 Europe/Amsterdam] PHP Fatal error:  Maximum execution time of 30 seconds exceeded in C:\Users\zaour\source\web1a\project\project-4-test\socks2\vendor\laravel\folio\src\FolioRoutes.php on line 93
[07-May-2025 11:10:35 Europe/Amsterdam] PHP Fatal error:  Out of memory (allocated 9313452032 bytes) (tried to allocate 20480 bytes) in C:\Users\zaour\source\web1a\project\project-4-test\socks2\vendor\laravel\framework\src\Illuminate\Foundation\Bootstrap\HandleExceptions.php on line 74
[07-May-2025 11:12:00 Europe/Amsterdam] PHP Fatal error:  Out of memory (allocated 8843689984 bytes) (tried to allocate 20480 bytes) in C:\Users\zaour\source\web1a\project\project-4-test\socks2\vendor\laravel\framework\src\Illuminate\Foundation\Bootstrap\HandleExceptions.php on line 74
[08-May-2025 11:54:06 Europe/Amsterdam] PHP Fatal error:  Out of memory (allocated 3076521984 bytes) (tried to allocate 20480 bytes) in C:\Users\zaour\source\web1a\project\project-4-test\socks2\vendor\laravel\framework\src\Illuminate\Foundation\Bootstrap\HandleExceptions.php on line 74
[08-May-2025 11:54:56 Europe/Amsterdam] PHP Fatal error:  Out of memory (allocated 2881486848 bytes) (tried to allocate 20480 bytes) in C:\Users\zaour\source\web1a\project\project-4-test\socks2\vendor\laravel\framework\src\Illuminate\Foundation\Bootstrap\HandleExceptions.php on line 74
[08-May-2025 11:57:00 Europe/Amsterdam] PHP Fatal error:  Out of memory (allocated 2833252352 bytes) (tried to allocate 135168 bytes) in C:\Users\zaour\source\web1a\project\project-4-test\socks2\vendor\laravel\framework\src\Illuminate\Foundation\Bootstrap\HandleExceptions.php on line 74
[08-May-2025 12:07:43 Europe/Amsterdam] PHP Fatal error:  Out of memory (allocated 2602565632 bytes) (tried to allocate 20480 bytes) in C:\Users\zaour\source\web1a\project\project-4-test\socks2\vendor\laravel\framework\src\Illuminate\Foundation\Bootstrap\HandleExceptions.php on line 74
